Microchip MPLAB XC8 Compiler V2.32

Linker command line:

-W-3 --edf=C:\Program Files\Microchip\xc8\v2.32\pic\dat\en_msgs.txt -cn \
  -h+dist/default/production\ProjectWork_Recap.X.production.sym \
  --cmf=dist/default/production\ProjectWork_Recap.X.production.cmf -z \
  -Q16F877A -oC:\Users\rconte\AppData\Local\Temp\xcAscf4.4 \
  --defsym=__MPLAB_BUILD=1 \
  -Mdist/default/production/ProjectWork_Recap.X.production.map -E1 \
  -ver=XC8 Compiler --acfsm=1493 -ASTACK=0110h-016Fh -pstack=STACK \
  -ACODE=00h-07FFhx4 -ASTRCODE=00h-01FFFh -ASTRING=00h-0FFhx32 \
  -ACONST=00h-0FFhx32 -AENTRY=00h-0FFhx32 -ACOMMON=070h-07Fh \
  -ABANK0=020h-06Fh -ABANK1=0A0h-0EFh -ABANK2=0110h-016Fh \
  -ABANK3=0190h-01EFh -ARAM=020h-06Fh,0A0h-0EFh,0110h-016Fh,0190h-01EFh \
  -AABS1=020h-07Fh,0A0h-0EFh,0110h-016Fh,0190h-01EFh -ASFR0=00h-01Fh \
  -ASFR1=080h-09Fh -ASFR2=0100h-010Fh -ASFR3=0180h-018Fh \
  -ACONFIG=02007h-02007h -DCONFIG=2 -AIDLOC=02000h-02003h -DIDLOC=2 \
  -AEEDATA=00h-0FFh/02100h -peeprom_data=EEDATA -DEEDATA=2 -DCODE=2 \
  -DSTRCODE=2 -DSTRING=2 -DCONST=2 -DENTRY=2 \
  -preset_vec=00h,intentry=04h,init,end_init -ppowerup=CODE -pcinit=CODE \
  -pfunctab=ENTRY -k C:\Users\rconte\AppData\Local\Temp\xcAscf4.o \
  dist/default/production\ProjectWork_Recap.X.production.o 

Object code version is 3.11

Machine type is 16F877A



                Name                               Link     Load   Length Selector   Space Scale
C:\Users\rconte\AppData\Local\Temp\xcAscf4.o
                end_init                              C        C        3        8       0
                reset_vec                             0        0        3        0       0
                config                             2007     2007        1        0       4
dist/default/production\ProjectWork_Recap.X.production.o
                cinit                                 F        F       10        8       0
                intentry                              4        4        8        8       0
                config                             2007     2007        1        0       4
                text15                              7CD      7CD       2B        8       0
                text14                              2AF      2AF      1DD        8       0
                text13                               1F       1F      290        8       0
                text12                              EA1      EA1       24     1D42       0
                text11                              EEE      EEE       7C     1DDC       0
                text10                              633      633       BC        8       0
                text9                               48C      48C      1A7        8       0
                text8                               E4F      E4F        A     1C9E       0
                text7                               E6B      E6B       1B     1CD6       0
                text6                               EC5      EC5       29     1D8A       0
                text5                               E46      E46        9     1C8C       0
                text4                               E59      E59       12     1CB2       0
                text3                               6EF      6EF       9D        8       0
                text2                               78C      78C       41        8       0
                text1                               E86      E86       1B     1D0C       0
                maintext                            F6A      F6A       96     1ED4       0
                cstackBANK0                          20       20       50       20       1
                cstackCOMMON                         70       70        8       70       1
                cstackBANK1                          B1       B1        C       A0       1
                clrtext                             7F8      7F8        8        8       0
                bssBANK1                             A0       A0       11       A0       1
                bssCOMMON                            78       78        3       70       1

TOTAL           Name                               Link     Load   Length     Space
        CLASS   STACK          

        CLASS   CODE           
                end_init                              C        C        3         0
                cinit                                 F        F       10         0
                intentry                              4        4        8         0
                reset_vec                             0        0        3         0
                text15                              7CD      7CD       2B         0
                text14                              2AF      2AF      1DD         0
                text13                               1F       1F      290         0
                text12                              EA1      EA1       24         0
                text11                              EEE      EEE       7C         0
                text10                              633      633       BC         0
                text9                               48C      48C      1A7         0
                text8                               E4F      E4F        A         0
                text7                               E6B      E6B       1B         0
                text6                               EC5      EC5       29         0
                text5                               E46      E46        9         0
                text4                               E59      E59       12         0
                text3                               6EF      6EF       9D         0
                text2                               78C      78C       41         0
                text1                               E86      E86       1B         0
                maintext                            F6A      F6A       96         0
                clrtext                             7F8      7F8        8         0

        CLASS   STRCODE        

        CLASS   STRING         

        CLASS   CONST          

        CLASS   ENTRY          

        CLASS   COMMON         
                cstackCOMMON                         70       70        8         1
                bssCOMMON                            78       78        3         1

        CLASS   BANK0          
                cstackBANK0                          20       20       50         1

        CLASS   BANK1          
                cstackBANK1                          B1       B1        C         1
                bssBANK1                             A0       A0       11         1

        CLASS   BANK2          

        CLASS   BANK3          

        CLASS   RAM            

        CLASS   ABS1           
                abs_s1                               7E       7E        2         1

        CLASS   SFR0           

        CLASS   SFR1           

        CLASS   SFR2           

        CLASS   SFR3           

        CLASS   CONFIG         
                config                             2007     2007        1         4

        CLASS   IDLOC          

        CLASS   EEDATA         



SEGMENTS        Name                           Load    Length   Top    Selector   Space  Class     Delta

                reset_vec                      000000  000003  000003         0       0  CODE        2
                intentry                       000004  0007FC  000800         8       0  CODE        2
                cstackBANK0                    000020  000050  000070        20       1  BANK0       1
                cstackCOMMON                   000070  00000B  00007B        70       1  COMMON      1
                bssBANK1                       0000A0  00001D  0000BD        A0       1  BANK1       1
                text5                          000E46  000009  000E4F      1C8C       0  CODE        2
                text8                          000E4F  00000A  000E59      1C9E       0  CODE        2
                text4                          000E59  000012  000E6B      1CB2       0  CODE        2
                text7                          000E6B  00001B  000E86      1CD6       0  CODE        2
                text1                          000E86  00001B  000EA1      1D0C       0  CODE        2
                text12                         000EA1  000024  000EC5      1D42       0  CODE        2
                text6                          000EC5  000029  000EEE      1D8A       0  CODE        2
                text11                         000EEE  00007C  000F6A      1DDC       0  CODE        2
                maintext                       000F6A  000096  001000      1ED4       0  CODE        2


UNUSED ADDRESS RANGES

        Name                Unused          Largest block    Delta
        BANK1            00BD-00EF             33           1
        BANK2            0110-016F             60           1
        BANK3            0190-01EF             60           1
        CODE             0003-0003              1           2
                         0800-0E45            646
                         1000-1FFF            800
        COMMON           007B-007D              3           1
        CONST            0003-0003              1           2
                         0800-0E45            100
                         1000-1FFF            100
        EEDATA           2100-21FF            100           2
        ENTRY            0003-0003              1           2
                         0800-0E45            100
                         1000-1FFF            100
        IDLOC            2000-2003              4           2
        RAM              00BD-00EF             33           1
                         0110-016F             60
                         0190-01EF             60
        SFR0             0000-001F             20           1
        SFR1             0080-009F             20           1
        SFR2             0100-010F             10           1
        SFR3             0180-018F             10           1
        STACK            0110-016F             60           1
        STRCODE          0003-0003              1           2
                         0800-0E45            646
                         1000-1FFF           1000
        STRING           0003-0003              1           2
                         0800-0E45            100
                         1000-1FFF            100

                                  Symbol Table

?___aldiv                           cstackBANK0  0020
?___fladd                           cstackBANK0  0020
?___fldiv                           cstackBANK0  0051
?___flsub                           cstackBANK0  0049
?___fltol                           cstackBANK0  0030
?___xxtofl                          cstackBANK0  003B
PrepareBoolDataPacket@state         cstackCOMMON 0073
PrepareBoolDataPacket@type          cstackCOMMON 0075
PrepareTempHumDataPacket@hum        cstackBANK1  00B5
PrepareTempHumDataPacket@temp       cstackBANK1  00B1
UART_Init@baudRate                  cstackBANK0  002E
UART_TxBoolDataPacket@dataPacket    cstackCOMMON 0075
UART_TxChar@ch                      cstackCOMMON 0073
UART_TxTempHumDataPacket@dataPacket cstackCOMMON 0075
_HandleRequest                      text6        0EC5
_INTCON                             (abs)        000B
_ISR                                text15       07CD
_Init                               text5        0E46
_OPTION_REG                         (abs)        0081
_PIE1                               (abs)        008C
_PORTD                              (abs)        0008
_PrepareBoolDataPacket              text4        0E59
_PrepareTempHumDataPacket           text9        048C
_PrepareTempHumDataPacket$711       cstackBANK1  00B9
_RCIF                               (abs)        0065
_RCREG                              (abs)        001A
_RCSTA                              (abs)        0018
_SPBRG                              (abs)        0099
_TMR0                               (abs)        0001
_TRISC                              (abs)        0087
_TRISD                              (abs)        0088
_TXIF                               (abs)        0064
_TXREG                              (abs)        0019
_TXSTA                              (abs)        0098
_UART_Init                          text2        078C
_UART_TxBoolDataPacket              text1        0E86
_UART_TxChar                        text8        0E4F
_UART_TxTempHumDataPacket           text7        0E6B
__Habs1                             abs1         0000
__Hbank0                            bank0        0000
__Hbank1                            bank1        0000
__Hbank2                            bank2        0000
__Hbank3                            bank3        0000
__HbssBANK1                         bssBANK1     0000
__HbssCOMMON                        bssCOMMON    0000
__Hcinit                            cinit        001F
__Hclrtext                          clrtext      0000
__Hcode                             code         0000
__Hcommon                           common       0000
__Hconfig                           config       2008
__HcstackBANK0                      cstackBANK0  0000
__HcstackBANK1                      cstackBANK1  0000
__HcstackCOMMON                     cstackCOMMON 0000
__Heeprom_data                      eeprom_data  0000
__Hend_init                         end_init     000F
__Hfunctab                          functab      0000
__Hinit                             init         000C
__Hintentry                         intentry     000C
__Hmaintext                         maintext     0000
__Hpowerup                          powerup      0000
__Hram                              ram          0000
__Hreset_vec                        reset_vec    0003
__Hsfr0                             sfr0         0000
__Hsfr1                             sfr1         0000
__Hsfr2                             sfr2         0000
__Hsfr3                             sfr3         0000
__Hspace_0                          (abs)        1000
__Hspace_1                          (abs)        00BD
__Hspace_2                          (abs)        0000
__Hspace_3                          (abs)        0000
__Hspace_4                          (abs)        400F
__Hstack                            stack        0000
__Hstrings                          strings      0000
__Htext                             text         0000
__Labs1                             abs1         0000
__Lbank0                            bank0        0000
__Lbank1                            bank1        0000
__Lbank2                            bank2        0000
__Lbank3                            bank3        0000
__LbssBANK1                         bssBANK1     0000
__LbssCOMMON                        bssCOMMON    0000
__Lcinit                            cinit        000F
__Lclrtext                          clrtext      0000
__Lcode                             code         0000
__Lcommon                           common       0000
__Lconfig                           config       0000
__LcstackBANK0                      cstackBANK0  0000
__LcstackBANK1                      cstackBANK1  0000
__LcstackCOMMON                     cstackCOMMON 0000
__Leeprom_data                      eeprom_data  0000
__Lend_init                         end_init     000C
__Lfunctab                          functab      0000
__Linit                             init         000C
__Lintentry                         intentry     0004
__Lmaintext                         maintext     0000
__Lpowerup                          powerup      0000
__Lram                              ram          0000
__Lreset_vec                        reset_vec    0000
__Lsfr0                             sfr0         0000
__Lsfr1                             sfr1         0000
__Lsfr2                             sfr2         0000
__Lsfr3                             sfr3         0000
__Lspace_0                          (abs)        0000
__Lspace_1                          (abs)        0000
__Lspace_2                          (abs)        0000
__Lspace_3                          (abs)        0000
__Lspace_4                          (abs)        0000
__Lstack                            stack        0000
__Lstrings                          strings      0000
__Ltext                             text         0000
__S0                                (abs)        1000
__S1                                (abs)        00BD
__S2                                (abs)        0000
__S3                                (abs)        0000
___aldiv                            text3        06EF
___aldiv@counter                    cstackBANK0  0028
___aldiv@dividend                   cstackBANK0  0024
___aldiv@divisor                    cstackBANK0  0020
___aldiv@quotient                   cstackBANK0  002A
___aldiv@sign                       cstackBANK0  0029
___fladd                            text13       001F
___fladd@a                          cstackBANK0  0024
___fladd@aexp                       cstackCOMMON 0074
___fladd@b                          cstackBANK0  0020
___fladd@bexp                       cstackCOMMON 0075
___fladd@grs                        cstackCOMMON 0076
___fladd@signs                      cstackCOMMON 0073
___fldiv                            text14       02AF
___fldiv@a                          cstackBANK0  0051
___fldiv@aexp                       cstackBANK0  006A
___fldiv@b                          cstackBANK0  0055
___fldiv@bexp                       cstackBANK0  0069
___fldiv@grs                        cstackBANK0  0065
___fldiv@new_exp                    cstackBANK0  0063
___fldiv@rem                        cstackBANK0  005E
___fldiv@sign                       cstackBANK0  0062
___flsub                            text12       0EA1
___flsub@a                          cstackBANK0  0049
___flsub@b                          cstackBANK0  004D
___fltol                            text11       0EEE
___fltol@exp1                       cstackBANK0  003A
___fltol@f1                         cstackBANK0  0030
___fltol@sign1                      cstackBANK0  0039
___int_sp                           stack        0000
___latbits                          (abs)        0002
___sp                               stack        0000
___stackhi                          (abs)        0000
___stacklo                          (abs)        0000
___xxtofl                           text10       0633
___xxtofl@arg                       cstackBANK0  0045
___xxtofl@exp                       cstackBANK0  0044
___xxtofl@sign                      cstackBANK0  0043
___xxtofl@val                       cstackBANK0  003B
__end_of_HandleRequest              text6        0EEE
__end_of_ISR                        text15       07F8
__end_of_Init                       text5        0E4F
__end_of_PrepareBoolDataPacket      text4        0E6B
__end_of_PrepareTempHumDataPacket   text9        0633
__end_of_UART_Init                  text2        07CD
__end_of_UART_TxBoolDataPacket      text1        0EA1
__end_of_UART_TxChar                text8        0E59
__end_of_UART_TxTempHumDataPacket   text7        0E86
__end_of___aldiv                    text3        078C
__end_of___fladd                    text13       02AF
__end_of___fldiv                    text14       048C
__end_of___flsub                    text12       0EC5
__end_of___fltol                    text11       0F6A
__end_of___xxtofl                   text10       06EF
__end_of__initialization            cinit        001B
__end_of_main                       maintext     1000
__initialization                    cinit        000F
__pbssBANK1                         bssBANK1     00A0
__pbssCOMMON                        bssCOMMON    0078
__pcstackBANK0                      cstackBANK0  0020
__pcstackBANK1                      cstackBANK1  00B1
__pcstackCOMMON                     cstackCOMMON 0070
__pintentry                         intentry     0004
__pmaintext                         maintext     0F6A
__ptext1                            text1        0E86
__ptext10                           text10       0633
__ptext11                           text11       0EEE
__ptext12                           text12       0EA1
__ptext13                           text13       001F
__ptext14                           text14       02AF
__ptext15                           text15       07CD
__ptext2                            text2        078C
__ptext3                            text3        06EF
__ptext4                            text4        0E59
__ptext5                            text5        0E46
__ptext6                            text6        0EC5
__ptext7                            text7        0E6B
__ptext8                            text8        0E4F
__ptext9                            text9        048C
__size_of_HandleRequest             (abs)        0000
__size_of_ISR                       (abs)        0000
__size_of_Init                      (abs)        0000
__size_of_PrepareBoolDataPacket     (abs)        0000
__size_of_PrepareTempHumDataPacket  (abs)        0000
__size_of_UART_Init                 (abs)        0000
__size_of_UART_TxBoolDataPacket     (abs)        0000
__size_of_UART_TxChar               (abs)        0000
__size_of_UART_TxTempHumDataPacket  (abs)        0000
__size_of___aldiv                   (abs)        0000
__size_of___fladd                   (abs)        0000
__size_of___fldiv                   (abs)        0000
__size_of___flsub                   (abs)        0000
__size_of___fltol                   (abs)        0000
__size_of___xxtofl                  (abs)        0000
__size_of_main                      (abs)        0000
_boolDataPacketTx                   bssBANK1     00AD
_dataPacketRx                       bssBANK1     00A0
_flags                              bssBANK1     00A5
_i                                  bssCOMMON    0078
_main                               maintext     0F6A
_partCounter                        bssCOMMON    0079
_postscaler                         bssBANK1     00A3
_receivedData                       bssCOMMON    007A
_tempHumDataPacketTx                bssBANK1     00A6
btemp                               (abs)        007E
clear_ram0                          clrtext      07F8
end_of_initialization               cinit        001B
interrupt_function                  intentry     0004
intlevel0                           functab      0000
intlevel1                           functab      0000
intlevel2                           functab      0000
intlevel3                           functab      0000
intlevel4                           functab      0000
intlevel5                           functab      0000
reset_vec                           reset_vec    0000
saved_w                             (abs)        007E
start                               init         000C
start_initialization                cinit        000F
wtemp0                              (abs)        007E


MODULE INFORMATION

Module		Function		Class		Link	Load	Size
C:\Program Files\Microchip\xc8\v2.32\pic\sources\c90\common\sprcadd.c
		___flsub       		CODE           	0EA1	0000	36
		___fladd       		CODE           	001F	0000	656

C:\Program Files\Microchip\xc8\v2.32\pic\sources\c90\common\sprcadd.c estimated size: 692

C:\Program Files\Microchip\xc8\v2.32\pic\sources\c90\common\xxtofl.c
		___xxtofl      		CODE           	0633	0000	188

C:\Program Files\Microchip\xc8\v2.32\pic\sources\c90\common\xxtofl.c estimated size: 188

shared
		__initialization		CODE           	000F	0000	12

shared estimated size: 12

C:\Program Files\Microchip\xc8\v2.32\pic\sources\c90\common\sprcdiv.c
		___fldiv       		CODE           	02AF	0000	477

C:\Program Files\Microchip\xc8\v2.32\pic\sources\c90\common\sprcdiv.c estimated size: 477

main.c
		_PrepareBoolDataPacket		CODE           	0E59	0000	18
		_HandleRequest 		CODE           	0EC5	0000	41
		_ISR           		CODE           	07CD	0000	43
		_PrepareTempHumDataPacket		CODE           	048C	0000	423
		_UART_Init     		CODE           	078C	0000	65
		_UART_TxBoolDataPacket		CODE           	0E86	0000	27
		_main          		CODE           	0F6A	0000	150
		_UART_TxTempHumDataPacket		CODE           	0E6B	0000	27
		_Init          		CODE           	0E46	0000	9
		_UART_TxChar   		CODE           	0E4F	0000	10

main.c estimated size: 813

C:\Program Files\Microchip\xc8\v2.32\pic\sources\c90\common\fltol.c
		___fltol       		CODE           	0EEE	0000	124

C:\Program Files\Microchip\xc8\v2.32\pic\sources\c90\common\fltol.c estimated size: 124

C:\Program Files\Microchip\xc8\v2.32\pic\sources\c90\common\aldiv.c
		___aldiv       		CODE           	06EF	0000	157

C:\Program Files\Microchip\xc8\v2.32\pic\sources\c90\common\aldiv.c estimated size: 157

