Microchip MPLAB XC8 Compiler V2.32

Linker command line:

-W-3 --edf=C:\Program Files\Microchip\xc8\v2.32\pic\dat\en_msgs.txt -cn \
  -h+dist/default/production\ProjectWorkPIC.X.production.sym \
  --cmf=dist/default/production\ProjectWorkPIC.X.production.cmf -z \
  -Q16F877A -oC:\Users\rconte\AppData\Local\Temp\xcAskck.4 \
  --defsym=__MPLAB_BUILD=1 \
  -Mdist/default/production/ProjectWorkPIC.X.production.map -E1 \
  -ver=XC8 Compiler --acfsm=1493 -ASTACK=0110h-016Fh -pstack=STACK \
  -ACODE=00h-07FFhx4 -ASTRCODE=00h-01FFFh -ASTRING=00h-0FFhx32 \
  -ACONST=00h-0FFhx32 -AENTRY=00h-0FFhx32 -ACOMMON=070h-07Fh \
  -ABANK0=020h-06Fh -ABANK1=0A0h-0EFh -ABANK2=0110h-016Fh \
  -ABANK3=0190h-01EFh -ARAM=020h-06Fh,0A0h-0EFh,0110h-016Fh,0190h-01EFh \
  -AABS1=020h-07Fh,0A0h-0EFh,0110h-016Fh,0190h-01EFh -ASFR0=00h-01Fh \
  -ASFR1=080h-09Fh -ASFR2=0100h-010Fh -ASFR3=0180h-018Fh \
  -ACONFIG=02007h-02007h -DCONFIG=2 -AIDLOC=02000h-02003h -DIDLOC=2 \
  -AEEDATA=00h-0FFh/02100h -peeprom_data=EEDATA -DEEDATA=2 -DCODE=2 \
  -DSTRCODE=2 -DSTRING=2 -DCONST=2 -DENTRY=2 \
  -preset_vec=00h,intentry=04h,init,end_init -ppowerup=CODE -pcinit=CODE \
  -pfunctab=ENTRY -k C:\Users\rconte\AppData\Local\Temp\xcAskck.o \
  dist/default/production\ProjectWorkPIC.X.production.o 

Object code version is 3.11

Machine type is 16F877A



                Name                               Link     Load   Length Selector   Space Scale
C:\Users\rconte\AppData\Local\Temp\xcAskck.o
                end_init                              C        C        3        8       0
                reset_vec                             0        0        3        0       0
                config                             2007     2007        1        0       4
dist/default/production\ProjectWorkPIC.X.production.o
                cinit                                 F        F       2A        8       0
                intentry                              4        4        8        8       0
                config                             2007     2007        1        0       4
                text23                             1689     1689       29     2D12       0
                text22                             1773     1773       44     2EE6       0
                text21                              A19      A19       74     1432       0
                text20                             1706     1706       31     2E0C       0
                text19                              9B2      9B2       67     1364       0
                text18                              882      882        D     1104       0
                text17                              B90      B90       A4     1720       0
                text16                              39A      39A      290        8       0
                text15                             1665     1665       24     2CCA       0
                text14                              62A      62A       C5        8       0
                text13                              954      954       5E     12A8       0
                text12                              C34      C34      1DD     1868       0
                text11                             16B2     16B2       29     2D64       0
                text10                               39       39      361        8       0
                text9                               A8D      A8D       7C     151A       0
                text8                              16DB     16DB       2B     2DB6       0
                text7                               6EF      6EF       BC        8       0
                text6                               E11      E11      1EF     1C22       0
                text5                              1737     1737       3C     2E6E       0
                text4                               8A2      8A2       59     1144       0
                text3                               8FB      8FB       59     11F6       0
                text2                               7AB      7AB       50        8       0
                text1                               B09      B09       87     1612       0
                maintext                           17B7     17B7       49     2F6E       0
                cstackBANK0                          20       20       2F       20       1
                cstackCOMMON                         70       70        8       70       1
                clrtext                            1649     1649        8     2C92       0
                inittext                            88F      88F       13     111E       0
                dataBANK1                            A0       A0        8       A0       1
                dataBANK0                            62       62        C       20       1
                bssBANK0                             4F       4F       13       20       1
                bssCOMMON                            78       78        3       70       1
                strings                             800      800       80     1000       0
                idataBANK1                         1651     1651        8     2CA2       0
                idataBANK0                         1659     1659        C     2CB2       0

TOTAL           Name                               Link     Load   Length     Space
        CLASS   STACK          

        CLASS   CODE           
                end_init                              C        C        3         0
                cinit                                 F        F       2A         0
                intentry                              4        4        8         0
                reset_vec                             0        0        3         0
                text23                             1689     1689       29         0
                text22                             1773     1773       44         0
                text21                              A19      A19       74         0
                text20                             1706     1706       31         0
                text19                              9B2      9B2       67         0
                text18                              882      882        D         0
                text17                              B90      B90       A4         0
                text16                              39A      39A      290         0
                text15                             1665     1665       24         0
                text14                              62A      62A       C5         0
                text13                              954      954       5E         0
                text12                              C34      C34      1DD         0
                text11                             16B2     16B2       29         0
                text10                               39       39      361         0
                text9                               A8D      A8D       7C         0
                text8                              16DB     16DB       2B         0
                text7                               6EF      6EF       BC         0
                text6                               E11      E11      1EF         0
                text5                              1737     1737       3C         0
                text4                               8A2      8A2       59         0
                text3                               8FB      8FB       59         0
                text2                               7AB      7AB       50         0
                text1                               B09      B09       87         0
                maintext                           17B7     17B7       49         0
                clrtext                            1649     1649        8         0
                inittext                            88F      88F       13         0
                idataBANK1                         1651     1651        8         0
                idataBANK0                         1659     1659        C         0

        CLASS   STRCODE        

        CLASS   STRING         
                strings                             800      800       80         0

        CLASS   CONST          

        CLASS   ENTRY          

        CLASS   COMMON         
                cstackCOMMON                         70       70        8         1
                bssCOMMON                            78       78        3         1

        CLASS   BANK0          
                cstackBANK0                          20       20       2F         1
                dataBANK0                            62       62        C         1
                bssBANK0                             4F       4F       13         1

        CLASS   BANK1          
                dataBANK1                            A0       A0        8         1

        CLASS   BANK2          

        CLASS   BANK3          

        CLASS   RAM            

        CLASS   ABS1           
                abs_s1                               7E       7E        2         1

        CLASS   SFR0           

        CLASS   SFR1           

        CLASS   SFR2           

        CLASS   SFR3           

        CLASS   CONFIG         
                config                             2007     2007        1         4

        CLASS   IDLOC          

        CLASS   EEDATA         



SEGMENTS        Name                           Load    Length   Top    Selector   Space  Class     Delta

                reset_vec                      000000  000003  000003         0       0  CODE        2
                intentry                       000004  0007F7  0007FB         8       0  CODE        2
                cstackBANK0                    000020  00004E  00006E        20       1  BANK0       1
                cstackCOMMON                   000070  00000B  00007B        70       1  COMMON      1
                dataBANK1                      0000A0  000008  0000A8        A0       1  BANK1       1
                strings                        000800  000080  000880      1000       0  STRING      2
                text18                         000882  00000D  00088F      1104       0  CODE        2
                inittext                       00088F  000013  0008A2      111E       0  CODE        2
                text4                          0008A2  000059  0008FB      1144       0  CODE        2
                text3                          0008FB  000059  000954      11F6       0  CODE        2
                text13                         000954  00005E  0009B2      12A8       0  CODE        2
                text19                         0009B2  000067  000A19      1364       0  CODE        2
                text21                         000A19  000074  000A8D      1432       0  CODE        2
                text9                          000A8D  00007C  000B09      151A       0  CODE        2
                text1                          000B09  000087  000B90      1612       0  CODE        2
                text17                         000B90  0000A4  000C34      1720       0  CODE        2
                text12                         000C34  0001DD  000E11      1868       0  CODE        2
                text6                          000E11  0001EF  001000      1C22       0  CODE        2
                clrtext                        001649  000008  001651      2C92       0  CODE        2
                idataBANK1                     001651  000008  001659      2CA2       0  CODE        2
                idataBANK0                     001659  00000C  001665      2CB2       0  CODE        2
                text15                         001665  000024  001689      2CCA       0  CODE        2
                text23                         001689  000029  0016B2      2D12       0  CODE        2
                text11                         0016B2  000029  0016DB      2D64       0  CODE        2
                text8                          0016DB  00002B  001706      2DB6       0  CODE        2
                text20                         001706  000031  001737      2E0C       0  CODE        2
                text5                          001737  00003C  001773      2E6E       0  CODE        2
                text22                         001773  000044  0017B7      2EE6       0  CODE        2
                maintext                       0017B7  000049  001800      2F6E       0  CODE        2


UNUSED ADDRESS RANGES

        Name                Unused          Largest block    Delta
        BANK0            006E-006F              2           1
        BANK1            00A8-00EF             48           1
        BANK2            0110-016F             60           1
        BANK3            0190-01EF             60           1
        CODE             0003-0003              1           2
                         07FB-07FF              5
                         0880-0881              2
                         1000-1648            649
                         1800-1FFF            800
        COMMON           007B-007D              3           1
        CONST            0003-0003              1           2
                         07FB-07FF              5
                         0880-0881              2
                         1000-1648            100
                         1800-1FFF            100
        EEDATA           2100-21FF            100           2
        ENTRY            0003-0003              1           2
                         07FB-07FF              5
                         0880-0881              2
                         1000-1648            100
                         1800-1FFF            100
        IDLOC            2000-2003              4           2
        RAM              006E-006F              2           1
                         00A8-00EF             48
                         0110-016F             60
                         0190-01EF             60
        SFR0             0000-001F             20           1
        SFR1             0080-009F             20           1
        SFR2             0100-010F             10           1
        SFR3             0180-018F             10           1
        STACK            0110-016F             60           1
        STRCODE          0003-0003              1           2
                         07FB-07FF              5
                         0880-0881              2
                         1000-1648            649
                         1800-1FFF            800
        STRING           0003-0003              1           2
                         07FB-07FF              5
                         0880-0881              2
                         1000-1648            100
                         1800-1FFF            100

                                  Symbol Table

?__Umul8_16                       cstackCOMMON 0073
?___fladd                         cstackBANK0  0020
?___fldiv                         cstackBANK0  0020
?___flmul                         cstackBANK0  0025
?___flsub                         cstackBANK0  0030
?___fltol                         cstackBANK0  0035
?___wmul                          cstackCOMMON 0073
?___xxtofl                        cstackBANK0  0022
HandleKeypadReading@value         cstackBANK0  0038
SendLCD@data                      cstackCOMMON 0076
SendLCD@type                      cstackCOMMON 0073
SendLCDString@i                   cstackBANK0  0021
SendLCDString@string              cstackBANK0  0020
UpdateLCDViewWithNumber@decimal   cstackBANK0  0049
UpdateLCDViewWithNumber@hundreds  cstackBANK0  004B
UpdateLCDViewWithNumber@number    cstackBANK0  0040
UpdateLCDViewWithNumber@position  cstackBANK0  0048
UpdateLCDViewWithNumber@tens      cstackBANK0  004C
UpdateLCDViewWithNumber@unit      cstackBANK0  004A
_CheckAlarmButton                 text22       1773
_CheckKeypad                      text21       0A19
_HandleKeypadReading              text14       062A
_INTCON                           (abs)        000B
_ISR                              text23       1689
_InitLCD                          text19       09B2
_InitPic                          text18       0882
_ManageDisplays                   text5        1737
_OPTION_REG                       (abs)        0081
_PORTB                            (abs)        0006
_PORTC                            (abs)        0007
_PORTD                            (abs)        0008
_PORTE                            (abs)        0009
_ReadHumidity                     text4        08A2
_ReadTemperature                  text3        08FB
_SendLCD                          text20       1706
_SendLCDString                    text13       0954
_TMR0                             (abs)        0001
_TRISB                            (abs)        0086
_TRISC                            (abs)        0087
_TRISD                            (abs)        0088
_TRISE                            (abs)        0089
_UpdateLCDViewWithNumber          text6        0E11
_UpdateTempHumDisplay             text1        0B09
__Habs1                           abs1         0000
__Hbank0                          bank0        0000
__Hbank1                          bank1        0000
__Hbank2                          bank2        0000
__Hbank3                          bank3        0000
__HbssBANK0                       bssBANK0     0000
__HbssCOMMON                      bssCOMMON    0000
__Hcinit                          cinit        0039
__Hclrtext                        clrtext      0000
__Hcode                           code         0000
__Hcommon                         common       0000
__Hconfig                         config       2008
__HcstackBANK0                    cstackBANK0  0000
__HcstackCOMMON                   cstackCOMMON 0000
__HdataBANK0                      dataBANK0    0000
__HdataBANK1                      dataBANK1    0000
__Heeprom_data                    eeprom_data  0000
__Hend_init                       end_init     000F
__Hfunctab                        functab      0000
__HidataBANK0                     idataBANK0   0000
__HidataBANK1                     idataBANK1   0000
__Hinit                           init         000C
__Hinittext                       inittext     0000
__Hintentry                       intentry     000C
__Hmaintext                       maintext     0000
__Hpowerup                        powerup      0000
__Hram                            ram          0000
__Hreset_vec                      reset_vec    0003
__Hsfr0                           sfr0         0000
__Hsfr1                           sfr1         0000
__Hsfr2                           sfr2         0000
__Hsfr3                           sfr3         0000
__Hspace_0                        (abs)        1800
__Hspace_1                        (abs)        00A8
__Hspace_2                        (abs)        0000
__Hspace_3                        (abs)        0000
__Hspace_4                        (abs)        400F
__Hstack                          stack        0000
__Hstrings                        strings      0000
__Htext                           text         0000
__Labs1                           abs1         0000
__Lbank0                          bank0        0000
__Lbank1                          bank1        0000
__Lbank2                          bank2        0000
__Lbank3                          bank3        0000
__LbssBANK0                       bssBANK0     0000
__LbssCOMMON                      bssCOMMON    0000
__Lcinit                          cinit        000F
__Lclrtext                        clrtext      0000
__Lcode                           code         0000
__Lcommon                         common       0000
__Lconfig                         config       0000
__LcstackBANK0                    cstackBANK0  0000
__LcstackCOMMON                   cstackCOMMON 0000
__LdataBANK0                      dataBANK0    0000
__LdataBANK1                      dataBANK1    0000
__Leeprom_data                    eeprom_data  0000
__Lend_init                       end_init     000C
__Lfunctab                        functab      0000
__LidataBANK0                     idataBANK0   0000
__LidataBANK1                     idataBANK1   0000
__Linit                           init         000C
__Linittext                       inittext     0000
__Lintentry                       intentry     0004
__Lmaintext                       maintext     0000
__Lpowerup                        powerup      0000
__Lram                            ram          0000
__Lreset_vec                      reset_vec    0000
__Lsfr0                           sfr0         0000
__Lsfr1                           sfr1         0000
__Lsfr2                           sfr2         0000
__Lsfr3                           sfr3         0000
__Lspace_0                        (abs)        0000
__Lspace_1                        (abs)        0000
__Lspace_2                        (abs)        0000
__Lspace_3                        (abs)        0000
__Lspace_4                        (abs)        0000
__Lstack                          stack        0000
__Lstrings                        strings      0000
__Ltext                           text         0000
__S0                              (abs)        1800
__S1                              (abs)        00A8
__S2                              (abs)        0000
__S3                              (abs)        0000
__Umul8_16                        text11       16B2
__Umul8_16@multiplicand           cstackCOMMON 0073
__Umul8_16@multiplier             cstackBANK0  0024
__Umul8_16@product                cstackBANK0  0020
__Umul8_16@word_mpld              cstackBANK0  0022
___fladd                          text16       039A
___fladd@a                        cstackBANK0  0024
___fladd@aexp                     cstackCOMMON 0074
___fladd@b                        cstackBANK0  0020
___fladd@bexp                     cstackCOMMON 0075
___fladd@grs                      cstackCOMMON 0076
___fladd@signs                    cstackCOMMON 0073
___fldiv                          text12       0C34
___fldiv@a                        cstackBANK0  0020
___fldiv@aexp                     cstackBANK0  0034
___fldiv@b                        cstackBANK0  0024
___fldiv@bexp                     cstackBANK0  0033
___fldiv@grs                      cstackBANK0  002F
___fldiv@new_exp                  cstackBANK0  002D
___fldiv@rem                      cstackBANK0  0028
___fldiv@sign                     cstackBANK0  002C
___fleq                           text2        07AB
___fleq@ff1                       cstackBANK0  0020
___fleq@ff2                       cstackBANK0  0024
___flge                           text17       0B90
___flge@ff1                       cstackBANK0  0020
___flge@ff2                       cstackBANK0  0024
___flmul                          text10       0039
___flmul@a                        cstackBANK0  0029
___flmul@aexp                     cstackBANK0  0037
___flmul@b                        cstackBANK0  0025
___flmul@bexp                     cstackBANK0  0038
___flmul@grs                      cstackBANK0  0033
___flmul@prod                     cstackBANK0  0039
___flmul@sign                     cstackBANK0  0032
___flmul@temp                     cstackBANK0  003D
___flsub                          text15       1665
___flsub@a                        cstackBANK0  0030
___flsub@b                        cstackBANK0  0034
___fltol                          text9        0A8D
___fltol@exp1                     cstackBANK0  003F
___fltol@f1                       cstackBANK0  0035
___fltol@sign1                    cstackBANK0  003E
___int_sp                         stack        0000
___latbits                        (abs)        0002
___sp                             stack        0000
___stackhi                        (abs)        0000
___stacklo                        (abs)        0000
___wmul                           text8        16DB
___wmul@multiplicand              cstackCOMMON 0075
___wmul@multiplier                cstackCOMMON 0073
___wmul@product                   cstackBANK0  0020
___xxtofl                         text7        06EF
___xxtofl@arg                     cstackBANK0  002C
___xxtofl@exp                     cstackBANK0  002B
___xxtofl@sign                    cstackBANK0  002A
___xxtofl@val                     cstackBANK0  0022
__end_of_CheckAlarmButton         text22       17B7
__end_of_CheckKeypad              text21       0A8D
__end_of_HandleKeypadReading      text14       06EF
__end_of_ISR                      text23       16B2
__end_of_InitLCD                  text19       0A19
__end_of_InitPic                  text18       088F
__end_of_ManageDisplays           text5        1773
__end_of_ReadHumidity             text4        08FB
__end_of_ReadTemperature          text3        0954
__end_of_SendLCD                  text20       1737
__end_of_SendLCDString            text13       09B2
__end_of_UpdateLCDViewWithNumber  text6        1000
__end_of_UpdateTempHumDisplay     text1        0B90
__end_of__Umul8_16                text11       16DB
__end_of___fladd                  text16       062A
__end_of___fldiv                  text12       0E11
__end_of___fleq                   text2        07FB
__end_of___flge                   text17       0C34
__end_of___flmul                  text10       039A
__end_of___flsub                  text15       1689
__end_of___fltol                  text9        0B09
__end_of___wmul                   text8        1706
__end_of___xxtofl                 text7        07AB
__end_of__initialization          cinit        0035
__end_of__stringtab               strings      0806
__end_of_clockWise                strings      081C
__end_of_colMask                  strings      0823
__end_of_counterClockWise         strings      0817
__end_of_keypad                   strings      0812
__end_of_main                     maintext     1800
__end_of_rowMask                  strings      0820
__initialization                  cinit        000F
__pbssBANK0                       bssBANK0     004F
__pbssCOMMON                      bssCOMMON    0078
__pcstackBANK0                    cstackBANK0  0020
__pcstackCOMMON                   cstackCOMMON 0070
__pdataBANK0                      dataBANK0    0062
__pdataBANK1                      dataBANK1    00A0
__pidataBANK0                     idataBANK0   1659
__pidataBANK1                     idataBANK1   1651
__pintentry                       intentry     0004
__pmaintext                       maintext     17B7
__pstrings                        strings      0800
__ptext1                          text1        0B09
__ptext10                         text10       0039
__ptext11                         text11       16B2
__ptext12                         text12       0C34
__ptext13                         text13       0954
__ptext14                         text14       062A
__ptext15                         text15       1665
__ptext16                         text16       039A
__ptext17                         text17       0B90
__ptext18                         text18       0882
__ptext19                         text19       09B2
__ptext2                          text2        07AB
__ptext20                         text20       1706
__ptext21                         text21       0A19
__ptext22                         text22       1773
__ptext23                         text23       1689
__ptext3                          text3        08FB
__ptext4                          text4        08A2
__ptext5                          text5        1737
__ptext6                          text6        0E11
__ptext7                          text7        06EF
__ptext8                          text8        16DB
__ptext9                          text9        0A8D
__size_of_CheckAlarmButton        (abs)        0000
__size_of_CheckKeypad             (abs)        0000
__size_of_HandleKeypadReading     (abs)        0000
__size_of_ISR                     (abs)        0000
__size_of_InitLCD                 (abs)        0000
__size_of_InitPic                 (abs)        0000
__size_of_ManageDisplays          (abs)        0000
__size_of_ReadHumidity            (abs)        0000
__size_of_ReadTemperature         (abs)        0000
__size_of_SendLCD                 (abs)        0000
__size_of_SendLCDString           (abs)        0000
__size_of_UpdateLCDViewWithNumber (abs)        0000
__size_of_UpdateTempHumDisplay    (abs)        0000
__size_of__Umul8_16               (abs)        0000
__size_of___fladd                 (abs)        0000
__size_of___fldiv                 (abs)        0000
__size_of___fleq                  (abs)        0000
__size_of___flge                  (abs)        0000
__size_of___flmul                 (abs)        0000
__size_of___flsub                 (abs)        0000
__size_of___fltol                 (abs)        0000
__size_of___wmul                  (abs)        0000
__size_of___xxtofl                (abs)        0000
__size_of_main                    (abs)        0000
__stringbase                      strings      0805
__stringtab                       strings      0800
_alarmOn                          bssBANK0     005E
_clockWise                        strings      0817
_colMask                          strings      0820
_colScan                          bssCOMMON    007A
_counterAntibouncing              bssBANK0     005B
_counterClockWise                 strings      0812
_currentDisplay                   bssCOMMON    0078
_displays                         dataBANK1    00A0
_flags                            bssBANK0     0061
_humidity                         dataBANK0    0062
_keyValue                         dataBANK0    006D
_keypad                           strings      0806
_keypadReading                    bssBANK0     0060
_main                             maintext     17B7
_oldDisplay                       bssBANK0     005F
_oldHumidity                      dataBANK1    00A4
_oldRA5                           bssBANK0     005D
_oldTemperature                   bssBANK0     004F
_postScalerHum                    bssBANK0     0057
_postScalerTemp                   bssBANK0     0059
_rowMask                          strings      081C
_rowScan                          bssCOMMON    0079
_setTemp                          dataBANK0    0066
_temperature                      bssBANK0     0053
btemp                             (abs)        007E
clear_ram0                        clrtext      1649
end_of_initialization             cinit        0035
init_fetch0                       inittext     088F
init_ram0                         inittext     0893
interrupt_function                intentry     0004
intlevel0                         functab      0000
intlevel1                         functab      0000
intlevel2                         functab      0000
intlevel3                         functab      0000
intlevel4                         functab      0000
intlevel5                         functab      0000
reset_vec                         reset_vec    0000
saved_w                           (abs)        007E
start                             init         000C
start_initialization              cinit        000F
wtemp0                            (abs)        007E


MODULE INFORMATION

Module		Function		Class		Link	Load	Size
C:\Program Files\Microchip\xc8\v2.32\pic\sources\c90\common\sprcadd.c
		___flsub       		CODE           	1665	0000	36
		___fladd       		CODE           	039A	0000	656

C:\Program Files\Microchip\xc8\v2.32\pic\sources\c90\common\sprcadd.c estimated size: 692

C:\Program Files\Microchip\xc8\v2.32\pic\sources\c90\common\flge.c
		___flge        		CODE           	0B90	0000	164

C:\Program Files\Microchip\xc8\v2.32\pic\sources\c90\common\flge.c estimated size: 164

C:\Program Files\Microchip\xc8\v2.32\pic\sources\c90\common\xxtofl.c
		___xxtofl      		CODE           	06EF	0000	188

C:\Program Files\Microchip\xc8\v2.32\pic\sources\c90\common\xxtofl.c estimated size: 188

C:\Program Files\Microchip\xc8\v2.32\pic\sources\c90\common\Umul8_16.c
		__Umul8_16     		CODE           	16B2	0000	41

C:\Program Files\Microchip\xc8\v2.32\pic\sources\c90\common\Umul8_16.c estimated size: 41

shared
		__stringtab    		STRING         	0800	0000	6
		_counterClockWise		STRING         	0812	0000	5
		_rowMask       		STRING         	081C	0000	4
		_keypad        		STRING         	0806	0000	12
		_clockWise     		STRING         	0817	0000	5
		__initialization		CODE           	000F	0000	38
		_colMask       		STRING         	0820	0000	3

shared estimated size: 73

C:\Program Files\Microchip\xc8\v2.32\pic\sources\c90\common\fleq.c
		___fleq        		CODE           	07AB	0000	80

C:\Program Files\Microchip\xc8\v2.32\pic\sources\c90\common\fleq.c estimated size: 80

C:\Program Files\Microchip\xc8\v2.32\pic\sources\c90\common\sprcmul.c
		___flmul       		CODE           	0039	0000	865

C:\Program Files\Microchip\xc8\v2.32\pic\sources\c90\common\sprcmul.c estimated size: 865

C:\Program Files\Microchip\xc8\v2.32\pic\sources\c90\common\sprcdiv.c
		___fldiv       		CODE           	0C34	0000	477

C:\Program Files\Microchip\xc8\v2.32\pic\sources\c90\common\sprcdiv.c estimated size: 477

C:\Program Files\Microchip\xc8\v2.32\pic\sources\c90\common\Umul16.c
		___wmul        		CODE           	16DB	0000	43

C:\Program Files\Microchip\xc8\v2.32\pic\sources\c90\common\Umul16.c estimated size: 43

main.c
		_CheckAlarmButton		CODE           	1773	0000	68
		_HandleKeypadReading		CODE           	062A	0000	197
		_ISR           		CODE           	1689	0000	41
		_main          		CODE           	17B7	0000	73
		_SendLCD       		CODE           	1706	0000	49
		_UpdateLCDViewWithNumber		CODE           	0E11	0000	495
		_SendLCDString 		CODE           	0954	0000	94
		_ReadHumidity  		CODE           	08A2	0000	89
		_ManageDisplays		CODE           	1737	0000	60
		_CheckKeypad   		CODE           	0A19	0000	116
		_InitLCD       		CODE           	09B2	0000	103
		_ReadTemperature		CODE           	08FB	0000	89
		_InitPic       		CODE           	0882	0000	13
		_UpdateTempHumDisplay		CODE           	0B09	0000	135

main.c estimated size: 1622

C:\Program Files\Microchip\xc8\v2.32\pic\sources\c90\common\fltol.c
		___fltol       		CODE           	0A8D	0000	124

C:\Program Files\Microchip\xc8\v2.32\pic\sources\c90\common\fltol.c estimated size: 124

